
> react-typescript-starter@0.1.0 test
> react-scripts test --coverage

Browserslist: caniuse-lite is outdated. Please run:
  npx browserslist@latest --update-db
  Why you should do it regularly: https://github.com/browserslist/browserslist#browsers-data-updating
FAIL src/App.test.tsx
  ✕ renders the word UD somewhere (214 ms)

  ● renders the word UD somewhere

    TestingLibraryElementError: Found multiple elements with the text: /UD/i

    Here are the matching elements:

    Ignored nodes: comments, <script />, <style />
    [36m<h1[39m
      [33mclass[39m=[32m"App-header-title"[39m
    [36m>[39m
      [0mUD Bites[0m
    [36m</h1>[39m

    Ignored nodes: comments, <script />, <style />
    [36m<h3>[39m
      [0mName: [0m
      [0mUDairy Creamery Cafe[0m
    [36m</h3>[39m

    (If this is intentional, then use the `*AllBy*` variant of the query (like `queryAllByText`, `getAllByText`, or `findAllByText`)).

    Ignored nodes: comments, <script />, <style />
    [36m<body>[39m
      [36m<div>[39m
        [36m<div[39m
          [33mclass[39m=[32m"App"[39m
        [36m>[39m
          [36m<header[39m
            [33mclass[39m=[32m"App-header"[39m
          [36m>[39m
            [36m<h1[39m
              [33mclass[39m=[32m"App-header-title"[39m
            [36m>[39m
              [0mUD Bites[0m
            [36m</h1>[39m
            [36m<h4[39m
              [33mclass[39m=[32m"App-header-subtitle"[39m
            [36m>[39m
              [0mFind all restaurants at the University of Delaware![0m
            [36m</h4>[39m
          [36m</header>[39m
          [36m<div[39m
            [33mclass[39m=[32m"row"[39m
          [36m>[39m
            [36m<div[39m
              [33mclass[39m=[32m"col-4"[39m
            [36m>[39m
              [36m<div[39m
                [33mclass[39m=[32m"App-filters"[39m
                [33mstyle[39m=[32m"position: sticky; top: 20px;"[39m
              [36m>[39m
                [36m<h2[39m
                  [33mclass[39m=[32m"App-filter-title"[39m
                  [33mstyle[39m=[32m"padding-top: 10px;"[39m
                [36m>[39m
                  [0mFilters[0m
                [36m</h2>[39m
                [36m<div[39m
                  [33mclass[39m=[32m"row"[39m
                [36m>[39m
                  [36m<div[39m
                    [33mclass[39m=[32m"col"[39m
                    [33mstyle[39m=[32m"padding-bottom: 10px;"[39m
                  [36m>[39m
                    [36m<div>[39m
                      [36m<h4[39m
                        [33mclass[39m=[32m"App-filter-subtitles"[39m
                      [36m>[39m
                        [0mService Options:[0m
                      [36m</h4>[39m
                      [36m<div[39m
                        [33mclass[39m=[32m"form-check form-check-inline"[39m
                      [36m>[39m
                        [36m<input[39m
                          [33mchecked[39m=[32m""[39m
                          [33mclass[39m=[32m"form-check-input"[39m
                          [33mid[39m=[32m"No Service Selected"[39m
                          [33mname[39m=[32m"No Service Selected"[39m
                          [33mtype[39m=[32m"radio"[39m
                          [33mvalue[39m=[32m"No Service Selected"[39m
                        [36m/>[39m
                        [36m<label[39m
                          [33mclass[39m=[32m"form-check-label"[39m
                          [33mfor[39m=[32m"No Service Selected"[39m
                          [33mtitle[39m=[32m""[39m
                        [36m>[39m
                          [0mNo Service Selected[0m
                        [36m</label>[39m
                      [36m</div>[39m
                      [36m<div[39m
                        [33mclass[39m=[32m"form-check form-check-inline"[39m
                      [36m>[39m
                        [36m<input[39m
                          [33mclass[39m=[32m"form-check-input"[39m
                          [33mid[39m=[32m"Sitdown"[39m
                          [33mname[39m=[32m"Sitdown"[39m
                          [33mtype[39m=[32m"radio"[39m
                          [33mvalue[39m=[32m"Sitdown"[39m
                        [36m/>[39m
                        [36m<label[39m
                          [33mclass[39m=[32m"form-check-label"[39m
                          [33mfor[39m=[32m"Sitdown"[39m
                          [33mtitle[39m=[32m""[39m
                        [36m>[39m
                          [0mSitdown[0m
                        [36m</label>[39m
                      [36m</div>[39m
                      [36m<div[39m
                        [33mclass[39m=[32m"form-check form-check-inline"[39m
                      [36m>[39m
                        [36m<input[39m
                          [33mclass[39m=[32m"form-check-input"[39m
                          [33mid[39m=[32m"Takeout"[39m
                          [33mname[39m=[32m"Takeout"[39m
                          [33mtype[39m=[32m"radio"[39m
                          [33mvalue[39m=[32m"Takeout"[39m
                        [36m/>[39m
                        [36m<label[39m
                          [33mclass[39m=[32m"form-check-label"[39m
                          [33mfor[39m=[32m"Takeout"[39m
                          [33mtitle[39m=[32m""[39m
                        [36m>[39m
                          [0mTakeout[0m
                        [36m</label>[39m
                      [36m</div>[39m
                      [36m<div[39m
                        [33mclass[39m=[32m"form-check"[39m
                      [36m>[39m
                        [36m<input[39m
                          [33mclass[39m=[32m"form-check-input"[39m
                          [33mid[39m=[32m"check-grubhub"[39m
                          [33mname[39m=[32m"grubhub"[39m
                          [33mtype[39m=[32m"checkbox"[39m
                          [33mvalue[39m=[32m"grubhub"[39m
                        [36m/>[39m
                        [36m<label[39m
                          [33mclass[39m=[32m"form-check-label"[39m
                          [33mfor[39m=[32m"check-grubhub"[39m
                          [33mtitle[39m=[32m""[39m
                        [36m>[39m
                          [0mMust order via Grubhub[0m
                        [36m</label>[39m
                      [36m</div>[39m
                    [36m</div>[39m
                  [36m</div>[39m
                  [36m<div[39m
                    [33mclass[39m=[32m"col"[39m
                  [36m>[39m
                    [36m<div>[39m
                      [36m<h4[39m
                        [33mclass[39m=[32m"App-filter-subtitles"[39m
                      [36m>[39m
                        [0mDrinks:[0m
                      [36m</h4>[39m
                      [36m<div[39m
                        [33mclass[39m=[32m"form-check"[39m
                      [36m>[39m
                        [36m<input[39m
                          [33mclass[39m=[32m"form-check-input"[39m
                          [33mid[39m=[32m"check-bar"[39m
                          [33mname[39m=[32m"bar"[39m
                          [33mtype[39m=[32m"checkbox"[39m
                          [33mvalue[39m=[32m"bar"[39m
                        [36m/>[39m
                        [36m<label[39m
                          [33mclass[39m=[32m"form-check-label"[39m
                          [33mfor[39m=[32m"check-bar"[39m
                          [33mtitle[39m=[32m""[39m
                        [36m>[39m
                          [0mBar[0m
                        [36m</label>[39m
                      [36m</div>[39m
                      [36m<div[39m
                        [33mclass[39m=[32m"form-check"[39m
                      [36m>[39m
                        [36m<input[39m
                          [33mclass[39m=[32m"form-check-input"[39m
                          [33mid[39m=[32m"check-boba"[39m
                          [33mname[39m=[32m"boba"[39m
                          [33mtype[39m=[32m"checkbox"[39m
                          [33mvalue[39m=[32m"boba"[39m
                        [36m/>[39m
                        [36m<label[39m
                          [33mclass[39m=[32m"form-check-la...

       5 | test("renders the word UD somewhere", () => {
       6 |     render(<App />);
    >  7 |     const linkElement = screen.getByText(/UD/i);
         |                                ^
       8 |     expect(linkElement).toBeInTheDocument();
       9 | });
      10 |

      at Object.getElementError (node_modules/@testing-library/dom/dist/config.js:38:19)
      at getElementError (node_modules/@testing-library/dom/dist/query-helpers.js:25:35)
      at getMultipleElementsFoundError (node_modules/@testing-library/dom/dist/query-helpers.js:29:10)
      at node_modules/@testing-library/dom/dist/query-helpers.js:66:13
      at getByText (node_modules/@testing-library/dom/dist/query-helpers.js:111:19)
      at Object.<anonymous> (src/App.test.tsx:7:32)
      at TestScheduler.scheduleTests (node_modules/@jest/core/build/TestScheduler.js:333:13)
      at runJest (node_modules/@jest/core/build/runJest.js:404:19)
      at _run10000 (node_modules/@jest/core/build/cli/index.js:320:7)
      at runCLI (node_modules/@jest/core/build/cli/index.js:173:3)

---------------------|---------|----------|---------|---------|-------------------------------------------------------------------------------------------------------------------
File                 | % Stmts | % Branch | % Funcs | % Lines | Uncovered Line #s                                                                                                 
---------------------|---------|----------|---------|---------|-------------------------------------------------------------------------------------------------------------------
All files            |   33.55 |    34.66 |   20.83 |   33.33 |                                                                                                                   
 src                 |   40.29 |        0 |   27.27 |    40.9 |                                                                                                                   
  App.tsx            |   40.29 |        0 |   27.27 |    40.9 | 69-151                                                                                                            
 src/Components      |   28.04 |    35.61 |   15.38 |   27.16 |                                                                                                                   
  RestaurantList.tsx |   27.16 |    35.61 |      12 |   26.25 | 27-53,59-60,63-64,70-71,75-76,81-82,85-86,91-94,97-99,112-113,118-121,127-130,136-139,142-144,147-149,152-154,171 
  RestaurantView.tsx |     100 |      100 |     100 |     100 |                                                                                                                   
 src/Interfaces      |       0 |        0 |       0 |       0 |                                                                                                                   
  restaurant.ts      |       0 |        0 |       0 |       0 |                                                                                                                   
---------------------|---------|----------|---------|---------|-------------------------------------------------------------------------------------------------------------------
Test Suites: 1 failed, 1 total
Tests:       1 failed, 1 total
Snapshots:   0 total
Time:        2.531 s
Ran all test suites.
